------------  Running test 0a...
Clustering Parameters
 Clustering Type: HEM   
 ClusterRatio:    1.3
 LevelGrowth:     2.5
 MaxNewClRatio:   9
 MaxChildClRatio: 4.5
 MaxClArea:       0
 SizeOfTop:       200
 RemoveDup:       0
 WeightOption:    3
 dontClusterToTerms 0

Reading TESTS/primary1+.aux
 Done reading HGraph
 Reading TESTS/2way10%.blk ... 

Terminals specified in .net or .netD file, but no .fix file given.
  Making all nodes nonterminal (Warning in partProbIO.cxx:1156)
File seeds.in exists and will override all seeds, including hardcoded ones 
Reading PartitioningProblem took  0.014 user, 0.0e+00 system, 0 real, 0.15 norm'd sec 
Init+Read+PostProcess for PartProblem took  0.055 user, 6.0e-03 system, 0 real, 0.56 norm'd sec 
HEM Clustering
 #Clusters
 833
 314
 200
 0.022 user, 1.0e-03 system, 0 real, 0.23 norm'd sec 
# Virtual Memory usage : 5.96484MB (estimate)
Degree 2 duplicate edges removed: 0
Degree 3 duplicate edges removed: 0
There are 3 saved HGraphs
TopLevel HGraph (#2)
  NumNodes: 200
  NumTerms: 0
  NumEdges: 470
Top level cut: 314
HGraph #1
  NumNodes: 314
  NumTerms: 0
  NumEdges: 566
  Cut: 314
HGraph #0
  NumNodes: 833
  NumTerms: 0
  NumEdges: 902
  Cut: 314
------------  Running test 0b-opt1...
Clustering Parameters
 Clustering Type: HEM   
 ClusterRatio:    1.3
 LevelGrowth:     2.5
 MaxNewClRatio:   9
 MaxChildClRatio: 4.5
 MaxClArea:       0
 SizeOfTop:       75
 RemoveDup:       0
 WeightOption:    3
 dontClusterToTerms 0

Reading TESTS/ibm01+.aux
 Done reading HGraph
 Reading TESTS/2way10%.blk ... 

Terminals specified in .net or .netD file, but no .fix file given.
  Making all nodes nonterminal (Warning in partProbIO.cxx:1156)
File seeds.in exists and will override all seeds, including hardcoded ones 
Reading PartitioningProblem took  0.254 user, 4.0e-03 system, 0 real, 2.613 norm'd sec 
Init+Read+PostProcess for PartProblem took  0.296 user, 1.1e-02 system, 0 real, 3.044 norm'd sec 
HEM Clustering
 #Clusters
 12752
 4765
 1906
 763
 306
 75
 0.733 user, 6.0e-03 system, 1 real, 7.523 norm'd sec 
# Virtual Memory usage :  12.375MB (estimate)
Degree 2 duplicate edges removed: 0
Degree 3 duplicate edges removed: 0
There are 6 saved HGraphs
TopLevel HGraph (#5)
  NumNodes: 75
  NumTerms: 0
  NumEdges: 2772
Top level cut: 1593
HGraph #4
  NumNodes: 306
  NumTerms: 0
  NumEdges: 4202
  Cut: 1593
HGraph #3
  NumNodes: 763
  NumTerms: 0
  NumEdges: 5554
  Cut: 1593
HGraph #2
  NumNodes: 1906
  NumTerms: 0
  NumEdges: 7218
  Cut: 1593
HGraph #1
  NumNodes: 4765
  NumTerms: 0
  NumEdges: 9382
  Cut: 1593
HGraph #0
  NumNodes: 12752
  NumTerms: 0
  NumEdges: 14111
  Cut: 1593
------------  Running test 0b-opt2...
Clustering Parameters
 Clustering Type: HEM   
 ClusterRatio:    1.3
 LevelGrowth:     2.5
 MaxNewClRatio:   9
 MaxChildClRatio: 4.5
 MaxClArea:       0
 SizeOfTop:       75
 RemoveDup:       2
 WeightOption:    3
 dontClusterToTerms 0

Reading TESTS/ibm01+.aux
 Done reading HGraph
 Reading TESTS/2way10%.blk ... 

Terminals specified in .net or .netD file, but no .fix file given.
  Making all nodes nonterminal (Warning in partProbIO.cxx:1156)
File seeds.in exists and will override all seeds, including hardcoded ones 
Reading PartitioningProblem took  0.252 user, 4.0e-03 system, 0 real, 2.529 norm'd sec 
Init+Read+PostProcess for PartProblem took  0.296 user, 1.0e-02 system, 0 real, 2.969 norm'd sec 
HEM Clustering
 #Clusters
 12752
 4765
 1906
 763
 306
 75
 0.754 user, 1.0e-02 system, 1 real, 7.549 norm'd sec 
# Virtual Memory usage : 11.9688MB (estimate)
Degree 2 duplicate edges removed: 4155
Degree 3 duplicate edges removed: 0
There are 6 saved HGraphs
TopLevel HGraph (#5)
  NumNodes: 75
  NumTerms: 0
  NumEdges: 1168
Top level cut: 1593
HGraph #4
  NumNodes: 306
  NumTerms: 0
  NumEdges: 2515
  Cut: 1593
HGraph #3
  NumNodes: 763
  NumTerms: 0
  NumEdges: 3873
  Cut: 1593
HGraph #2
  NumNodes: 1906
  NumTerms: 0
  NumEdges: 5690
  Cut: 1593
HGraph #1
  NumNodes: 4765
  NumTerms: 0
  NumEdges: 8207
  Cut: 1593
HGraph #0
  NumNodes: 12752
  NumTerms: 0
  NumEdges: 14111
  Cut: 1593
------------  Running test 0b-opt3...
Clustering Parameters
 Clustering Type: HEM   
 ClusterRatio:    1.3
 LevelGrowth:     2.5
 MaxNewClRatio:   9
 MaxChildClRatio: 4.5
 MaxClArea:       0
 SizeOfTop:       75
 RemoveDup:       3
 WeightOption:    3
 dontClusterToTerms 0

Reading TESTS/ibm01+.aux
 Done reading HGraph
 Reading TESTS/2way10%.blk ... 

Terminals specified in .net or .netD file, but no .fix file given.
  Making all nodes nonterminal (Warning in partProbIO.cxx:1156)
File seeds.in exists and will override all seeds, including hardcoded ones 
Reading PartitioningProblem took  0.25 user, 3.0e-03 system, 1 real, 2.45 norm'd sec 
Init+Read+PostProcess for PartProblem took  0.295 user, 8.0e-03 system, 1 real, 2.889 norm'd sec 
HEM Clustering
 #Clusters
 12752
 4765
 1906
 763
 306
 75
 0.757 user, 2.0e-03 system, 1 real, 7.399 norm'd sec 
# Virtual Memory usage : 11.6875MB (estimate)
Degree 2 duplicate edges removed: 4044
Degree 3 duplicate edges removed: 335
There are 6 saved HGraphs
TopLevel HGraph (#5)
  NumNodes: 75
  NumTerms: 0
  NumEdges: 1037
Top level cut: 1593
HGraph #4
  NumNodes: 306
  NumTerms: 0
  NumEdges: 2392
  Cut: 1593
HGraph #3
  NumNodes: 763
  NumTerms: 0
  NumEdges: 3792
  Cut: 1593
HGraph #2
  NumNodes: 1906
  NumTerms: 0
  NumEdges: 5663
  Cut: 1593
HGraph #1
  NumNodes: 4765
  NumTerms: 0
  NumEdges: 8199
  Cut: 1593
HGraph #0
  NumNodes: 12752
  NumTerms: 0
  NumEdges: 14111
  Cut: 1593
