This file contains any messages produced by compilers while
running configure, to aid debugging if configure makes a mistake.

It was created by gsl configure 1.11, which was
generated by GNU Autoconf 2.61.  Invocation command line was

  $ ./configure CC=cc CFLAGS=-64 LDFLAGS=-64 --prefix=/home/memzfs_projects/artnet/d3yoon/ArtNet/Exps/RentCon/Source/GSLSource/../gsl

## --------- ##
## Platform. ##
## --------- ##

hostname = cad.ucsd.edu
uname -m = x86_64
uname -r = 4.18.0-553.53.1.el8_10.x86_64
uname -s = Linux
uname -v = #1 SMP Fri May 23 15:07:49 UTC 2025

/usr/bin/uname -p = x86_64
/bin/uname -X     = unknown

/bin/arch              = x86_64
/usr/bin/arch -k       = unknown
/usr/convex/getsysinfo = unknown
/usr/bin/hostinfo      = unknown
/bin/machine           = unknown
/usr/bin/oslevel       = unknown
/bin/universe          = unknown

PATH: /home/tool/tclreadline/install/2.1.0/bin
PATH: /home/tool/bison/install/3.8.2/bin
PATH: /home/tool/klayout/install/0.27.1-c8/bin
PATH: /home/tool/tcl/tcl8.6.6/lib
PATH: /home/tool/tcl/tcl8.6.6/include
PATH: /home/tool/tcl/tcl8.6.6/bin
PATH: /home/tool/gcc/gcc-9.3.0/include
PATH: /home/tool/gcc/gcc-9.3.0/bin
PATH: /home/tool/cmake/cmake-3.25.1-linux-x86_64/bin
PATH: /home/tool/git/install/2.9.5/bin/
PATH: /home/tool/gsl/gsl-2.3//bin
PATH: /home/tool/cudd/cudd-3.0.0
PATH: /home/tool/doxygen/install/1.8.15/bin
PATH: /home/tool/yosysHQ/install/eqy/bin
PATH: /home/tool/yosysHQ/install/yosys/bin
PATH: /home/tool/llvm/llvm-10.0.1/bin
PATH: /home/tool/ortools/install/or-tools_cpp_CentOSStream-8-64bit_v9.4.1874/include
PATH: /home/tool/ortools/install/or-tools_cpp_CentOSStream-8-64bit_v9.4.1874/bin
PATH: /home/tool/lemon/lemon-1.3.1
PATH: /home/tool/swig/install/4.0.0/bin
PATH: /home/tool/binutils/binutils-2.27/include
PATH: /home/tool/binutils/binutils-2.27/bin
PATH: /home/tool/flex/2.6.4/include
PATH: /home/tool/flex/2.6.4/bin
PATH: /home/d3yoon/metis-install/bin
PATH: /home/d3yoon/cuda-12.5/bin
PATH: /home/fetzfs_projects/OpenROAD/dooseok/orfs/ORFS_20250124/OpenROAD-flow-scripts/flow/verilator/bin
PATH: /home/d3yoon/local/gcc/bin
PATH: /home/d3yoon/sbt/bin
PATH: /home/d3yoon/.local/bin
PATH: /home/tool/cadence/INNOVUS211/tools/bin
PATH: /home/tool/sublime-3/sublime-3-build_3211
PATH: /usr/share/Modules/bin
PATH: /usr/local/bin
PATH: /usr/bin
PATH: /usr/local/sbin
PATH: /usr/sbin
PATH: /home/d3yoon/bin


## ----------- ##
## Core tests. ##
## ----------- ##

configure:1975: checking for a BSD-compatible install
configure:2031: result: /usr/bin/install -c
configure:2042: checking whether build environment is sane
configure:2085: result: yes
configure:2113: checking for a thread-safe mkdir -p
configure:2152: result: /usr/bin/mkdir -p
configure:2165: checking for gawk
configure:2181: found /usr/bin/gawk
configure:2192: result: gawk
configure:2203: checking whether make sets $(MAKE)
configure:2224: result: yes
configure:2414: checking whether to enable maintainer-specific portions of Makefiles
configure:2423: result: no
configure:2463: checking whether make sets $(MAKE)
configure:2484: result: yes
configure:2500: checking build system type
configure:2518: result: x86_64-unknown-linux-gnu
configure:2540: checking host system type
configure:2555: result: x86_64-unknown-linux-gnu
configure:2632: checking for gcc
configure:2659: result: cc
configure:2897: checking for C compiler version
configure:2904: cc --version >&5
cc (GCC) 8.5.0 20210514 (Red Hat 8.5.0-26)
Copyright (C) 2018 Free Software Foundation, Inc.
This is free software; see the source for copying conditions.  There is NO
warranty; not even for MERCHANTABILITY or FITNESS FOR A PARTICULAR PURPOSE.

configure:2907: $? = 0
configure:2914: cc -v >&5
Using built-in specs.
COLLECT_GCC=cc
COLLECT_LTO_WRAPPER=/usr/libexec/gcc/x86_64-redhat-linux/8/lto-wrapper
OFFLOAD_TARGET_NAMES=nvptx-none
OFFLOAD_TARGET_DEFAULT=1
Target: x86_64-redhat-linux
Configured with: ../configure --enable-bootstrap --enable-languages=c,c++,fortran,lto --prefix=/usr --mandir=/usr/share/man --infodir=/usr/share/info --with-bugurl=https://bugs.rockylinux.org/ --enable-shared --enable-threads=posix --enable-checking=release --enable-multilib --with-system-zlib --enable-__cxa_atexit --disable-libunwind-exceptions --enable-gnu-unique-object --enable-linker-build-id --with-gcc-major-version-only --with-linker-hash-style=gnu --enable-plugin --enable-initfini-array --with-isl --disable-libmpx --enable-offload-targets=nvptx-none --without-cuda-driver --enable-gnu-indirect-function --enable-cet --with-tune=generic --with-arch_32=x86-64 --build=x86_64-redhat-linux
Thread model: posix
gcc version 8.5.0 20210514 (Red Hat 8.5.0-26) (GCC) 
configure:2917: $? = 0
configure:2924: cc -V >&5
cc: error: unrecognized command line option '-V'
cc: fatal error: no input files
compilation terminated.
configure:2927: $? = 1
configure:2950: checking for C compiler default output file name
configure:2977: cc -64  -64 conftest.c  >&5
cc: error: unrecognized command line option '-64'; did you mean '-m64'?
cc: error: unrecognized command line option '-64'; did you mean '-m64'?
configure:2980: $? = 1
configure:3018: result: 
configure: failed program was:
| /* confdefs.h.  */
| #define PACKAGE_NAME "gsl"
| #define PACKAGE_TARNAME "gsl"
| #define PACKAGE_VERSION "1.11"
| #define PACKAGE_STRING "gsl 1.11"
| #define PACKAGE_BUGREPORT ""
| #define PACKAGE "gsl"
| #define VERSION "1.11"
| #define RELEASED
| /* end confdefs.h.  */
| 
| int
| main ()
| {
| 
|   ;
|   return 0;
| }
configure:3025: error: C compiler cannot create executables
See `config.log' for more details.

## ---------------- ##
## Cache variables. ##
## ---------------- ##

ac_cv_build=x86_64-unknown-linux-gnu
ac_cv_env_CC_set=set
ac_cv_env_CC_value=cc
ac_cv_env_CFLAGS_set=set
ac_cv_env_CFLAGS_value=-64
ac_cv_env_CPPFLAGS_set=
ac_cv_env_CPPFLAGS_value=
ac_cv_env_CPP_set=
ac_cv_env_CPP_value=
ac_cv_env_LDFLAGS_set=set
ac_cv_env_LDFLAGS_value=-64
ac_cv_env_LIBS_set=
ac_cv_env_LIBS_value=
ac_cv_env_build_alias_set=
ac_cv_env_build_alias_value=
ac_cv_env_host_alias_set=
ac_cv_env_host_alias_value=
ac_cv_env_target_alias_set=
ac_cv_env_target_alias_value=
ac_cv_host=x86_64-unknown-linux-gnu
ac_cv_path_install='/usr/bin/install -c'
ac_cv_path_mkdir=/usr/bin/mkdir
ac_cv_prog_AWK=gawk
ac_cv_prog_ac_ct_CC=cc
ac_cv_prog_make_make_set=yes

## ----------------- ##
## Output variables. ##
## ----------------- ##

ACLOCAL='${SHELL} /home/memzfs_projects/artnet/d3yoon/ArtNet/Exps/RentCon/Source/GSLSource/missing --run aclocal-1.10'
AMTAR='${SHELL} /home/memzfs_projects/artnet/d3yoon/ArtNet/Exps/RentCon/Source/GSLSource/missing --run tar'
AR='/home/tool/gcc/gcc-9.3.0/bin/x86_64-pc-linux-gnu-gcc-ar'
AUTOCONF='${SHELL} /home/memzfs_projects/artnet/d3yoon/ArtNet/Exps/RentCon/Source/GSLSource/missing --run autoconf'
AUTOHEADER='${SHELL} /home/memzfs_projects/artnet/d3yoon/ArtNet/Exps/RentCon/Source/GSLSource/missing --run autoheader'
AUTOMAKE='${SHELL} /home/memzfs_projects/artnet/d3yoon/ArtNet/Exps/RentCon/Source/GSLSource/missing --run automake-1.10'
AWK='gawk'
CC='cc'
CFLAGS='-64'
CPP=''
CPPFLAGS=''
CYGPATH_W='echo'
DEFS=''
DSYMUTIL=''
DUMPBIN=''
ECHO_C=''
ECHO_N='-n'
ECHO_T=''
EGREP=''
EXEEXT=''
FGREP=''
GREP=''
GSL_CFLAGS=''
GSL_LIBS=''
GSL_LT_CBLAS_VERSION='0:0:0'
GSL_LT_VERSION='12:0:12'
HAVE_AIX_IEEE_INTERFACE=''
HAVE_DARWIN86_IEEE_INTERFACE=''
HAVE_DARWIN_IEEE_INTERFACE=''
HAVE_FREEBSD_IEEE_INTERFACE=''
HAVE_GNUM68K_IEEE_INTERFACE=''
HAVE_GNUPPC_IEEE_INTERFACE=''
HAVE_GNUSPARC_IEEE_INTERFACE=''
HAVE_GNUX86_IEEE_INTERFACE=''
HAVE_HPUX11_IEEE_INTERFACE=''
HAVE_HPUX_IEEE_INTERFACE=''
HAVE_IRIX_IEEE_INTERFACE=''
HAVE_NETBSD_IEEE_INTERFACE=''
HAVE_OPENBSD_IEEE_INTERFACE=''
HAVE_OS2EMX_IEEE_INTERFACE=''
HAVE_SOLARIS_IEEE_INTERFACE=''
HAVE_SUNOS4_IEEE_INTERFACE=''
HAVE_TRU64_IEEE_INTERFACE=''
INSTALL_DATA='${INSTALL} -m 644'
INSTALL_PROGRAM='${INSTALL}'
INSTALL_SCRIPT='${INSTALL}'
INSTALL_STRIP_PROGRAM='$(install_sh) -c -s'
LD=''
LDFLAGS='-64'
LIBOBJS=''
LIBS=''
LIBTOOL=''
LN_S=''
LTLIBOBJS=''
MAINT='#'
MAINTAINER_MODE_FALSE=''
MAINTAINER_MODE_TRUE='#'
MAKEINFO='${SHELL} /home/memzfs_projects/artnet/d3yoon/ArtNet/Exps/RentCon/Source/GSLSource/missing --run makeinfo'
MINGW32_HOST_FALSE=''
MINGW32_HOST_TRUE=''
NM='/home/tool/gcc/gcc-9.3.0/bin/x86_64-pc-linux-gnu-gcc-nm'
NMEDIT=''
OBJEXT=''
PACKAGE='gsl'
PACKAGE_BUGREPORT=''
PACKAGE_NAME='gsl'
PACKAGE_STRING='gsl 1.11'
PACKAGE_TARNAME='gsl'
PACKAGE_VERSION='1.11'
PATH_SEPARATOR=':'
RANLIB='/home/tool/gcc/gcc-9.3.0/bin/x86_64-pc-linux-gnu-gcc-ranlib'
SED=''
SET_MAKE=''
SHELL='/bin/sh'
STRIP=''
VERSION='1.11'
ac_ct_CC='cc'
ac_ct_DUMPBIN=''
am__isrc=''
am__leading_dot='.'
am__tar='${AMTAR} chof - "$$tardir"'
am__untar='${AMTAR} xf -'
bindir='${exec_prefix}/bin'
build='x86_64-unknown-linux-gnu'
build_alias=''
build_cpu='x86_64'
build_os='linux-gnu'
build_vendor='unknown'
datadir='${datarootdir}'
datarootdir='${prefix}/share'
docdir='${datarootdir}/doc/${PACKAGE_TARNAME}'
dvidir='${docdir}'
exec_prefix='NONE'
host='x86_64-unknown-linux-gnu'
host_alias=''
host_cpu='x86_64'
host_os='linux-gnu'
host_vendor='unknown'
htmldir='${docdir}'
includedir='${prefix}/include'
infodir='${datarootdir}/info'
install_sh='$(SHELL) /home/memzfs_projects/artnet/d3yoon/ArtNet/Exps/RentCon/Source/GSLSource/install-sh'
libdir='${exec_prefix}/lib'
libexecdir='${exec_prefix}/libexec'
localedir='${datarootdir}/locale'
localstatedir='${prefix}/var'
lt_ECHO='echo'
mandir='${datarootdir}/man'
mkdir_p='/usr/bin/mkdir -p'
oldincludedir='/usr/include'
pdfdir='${docdir}'
prefix='/home/memzfs_projects/artnet/d3yoon/ArtNet/Exps/RentCon/Source/GSLSource/../gsl'
program_transform_name='s,x,x,'
psdir='${docdir}'
sbindir='${exec_prefix}/sbin'
sharedstatedir='${prefix}/com'
sysconfdir='${prefix}/etc'
target_alias=''

## ----------- ##
## confdefs.h. ##
## ----------- ##

#define PACKAGE_NAME "gsl"
#define PACKAGE_TARNAME "gsl"
#define PACKAGE_VERSION "1.11"
#define PACKAGE_STRING "gsl 1.11"
#define PACKAGE_BUGREPORT ""
#define PACKAGE "gsl"
#define VERSION "1.11"
#define RELEASED

configure: exit 77
